
> my-v0-project@0.1.0 build
> next build

  Ôû▓ Next.js 14.2.16
  - Environments: .env.local

node.exe : 
At C:\Program 
Files\nodejs\npm.ps1:29 
char:3
+   & $NODE_EXE $NPM_CLI_JS 
$args
+   ~~~~~~~~~~~~~~~~~~~~~~~~
~~~~~
    + CategoryInfo          
    : NotSpecified: (:Stri  
  ng) [], RemoteException
    + FullyQualifiedErrorId 
    : NativeCommandError
 
> Build error occurred
Error: EINVAL: invalid 
argument, readlink 'C:\Users
\Newphase\OneDrive\Desktop\J
aedon\my project\new\elolo\.
next\server\app-paths-manife
st.json'
    at async 
Object.readlink (node:intern
al/fs/promises:973:10)
    at async C:\Users\Newpha
se\OneDrive\Desktop\Jaedon\m
y project\new\elolo\node_mod
ules\next\dist\lib\recursive
-delete.js:58:30
    at async Promise.all 
(index 1)
    at async 
recursiveDelete (C:\Users\Ne
wphase\OneDrive\Desktop\Jaed
on\my project\new\elolo\node
_modules\next\dist\lib\recur
sive-delete.js:51:5)
    at async C:\Users\Newpha
se\OneDrive\Desktop\Jaedon\m
y project\new\elolo\node_mod
ules\next\dist\lib\recursive
-delete.js:68:17
    at async Promise.all 
(index 6)
    at async 
recursiveDelete (C:\Users\Ne
wphase\OneDrive\Desktop\Jaed
on\my project\new\elolo\node
_modules\next\dist\lib\recur
sive-delete.js:51:5)
    at async C:\Users\Newpha
se\OneDrive\Desktop\Jaedon\m
y project\new\elolo\node_mod
ules\next\dist\build\index.j
s:690:17
    at async 
Span.traceAsyncFn (C:\Users\
Newphase\OneDrive\Desktop\Ja
edon\my project\new\elolo\no
de_modules\next\dist\trace\t
race.js:154:20)
    at async build (C:\Users
\Newphase\OneDrive\Desktop\J
aedon\my project\new\elolo\n
ode_modules\next\dist\build\
index.js:364:9) {
  errno: -4071,
  code: 'EINVAL',
  syscall: 'readlink',
  path: 'C:\\Users\\Newphase
\\OneDrive\\Desktop\\Jaedon\
\my project\\new\\elolo\\.ne
xt\\server\\app-paths-manife
st.json'
}
